---
source: api/tests/source.rs
expression: json_response(res)

---
{
  "opinions": [],
  "source": {
    "created_at": "[created_at]",
    "id": "[id]",
    "title": "TODO",
    "url": "test.com/new"
  },
  "votes": [
    0,
    0
  ]
}
