---
source: tests/supporter.rs
expression: json_response(res)

---
{
  "id": "[id]",
  "opinion_id": 1,
  "user_id": 1
}
