---
source: tests/user.rs
expression: json_response(res)

---
{
  "created_at": "[created_at]",
  "id": "[id]",
  "name": "Tester",
  "username": "tester"
}
