---
source: api/tests/user.rs
expression: json_response(res)

---
{
  "id": "[id]",
  "name": "Test"
}
