---
source: api/tests/vote.rs
expression: json_response(res)

---
{
  "created_at": "[created_at]",
  "id": "[id]",
  "opinion_id": 1,
  "position": true,
  "source_id": 1,
  "user_id": 1
}
